[2026-10-03 17:39:39] capture 653
  observations: 6
  Windurst Waters [S] (zone 94): shift +25 hits 7/7 runner-up 0 CONFIDENT
  master zone 94 12479-12486: +25 (obs 7, captures 1)
[2026-10-03 17:39:39] capture 240
  observations: 50
  Nyzul Isle (zone 77): shift +15 hits 140/173 runner-up 19 CONFIDENT
  master zone 77 7577-7577: +0 (obs 3, captures 1) CONFLICT
  master zone 77 7584-7642: +15 (obs 37, captures 1)
  master zone 77 7646-7646: +6 (obs 4, captures 1)
  master zone 77 7647-7705: +15 (obs 34, captures 1)
[2026-10-03 18:35:00] capture 658
  observations: 0
  no 0x036 chat packets matched to a zone (no shift evidence)
[2026-10-03 18:35:01] capture 659
  observations: 0
  no 0x036 chat packets matched to a zone (no shift evidence)
[2026-10-03 18:35:01] capture 660
  observations: 0
  no 0x036 chat packets matched to a zone (no shift evidence)
[2026-10-03 18:35:02] capture 661
  observations: 0
  no 0x036 chat packets matched to a zone (no shift evidence)
[2026-10-03 18:35:03] capture 662
  observations: 0
  no 0x036 chat packets matched to a zone (no shift evidence)
[2026-10-03 18:35:03] capture 663
  observations: 0
  no 0x036 chat packets matched to a zone (no shift evidence)
[2026-10-03 18:35:04] capture 664
  observations: 0
  no 0x036 chat packets matched to a zone (no shift evidence)
[2026-10-03 18:35:04] capture 665
  observations: 0
  no 0x036 chat packets matched to a zone (no shift evidence)
[2026-10-03 18:35:11] capture 666
  observations: 0
  no 0x036 chat packets matched to a zone (no shift evidence)
[2026-10-03 18:35:17] capture 667
  observations: 0
  no 0x036 chat packets matched to a zone (no shift evidence)
[2026-10-03 18:35:22] capture 668
  observations: 0
  no 0x036 chat packets matched to a zone (no shift evidence)
[2026-10-03 18:35:23] capture 669
  observations: 0
  no 0x036 chat packets matched to a zone (no shift evidence)
[2026-10-03 18:35:25] capture 670
  observations: 0
  no 0x036 chat packets matched to a zone (no shift evidence)
[2026-10-03 18:35:25] capture 671
  observations: 0
  no 0x036 chat packets matched to a zone (no shift evidence)
[2026-10-03 18:35:26] capture 672
  observations: 0
  no 0x036 chat packets matched to a zone (no shift evidence)
[2026-10-03 18:35:27] capture 673
  observations: 0
  no 0x036 chat packets matched to a zone (no shift evidence)
[2026-10-03 18:35:27] capture 674
  observations: 0
  no 0x036 chat packets matched to a zone (no shift evidence)
[2026-10-03 18:35:28] capture 675
  observations: 0
  no 0x036 chat packets matched to a zone (no shift evidence)
[2026-10-03 18:35:28] capture 676
  observations: 0
  no 0x036 chat packets matched to a zone (no shift evidence)
[2026-10-03 18:35:29] capture 677
  observations: 0
  no 0x036 chat packets matched to a zone (no shift evidence)
[2026-10-03 18:35:29] capture 678
  observations: 0
  no 0x036 chat packets matched to a zone (no shift evidence)
[2026-10-03 18:35:30] capture 679
  observations: 0
  no 0x036 chat packets matched to a zone (no shift evidence)
[2026-10-03 18:35:30] capture 680
  observations: 0
  no 0x036 chat packets matched to a zone (no shift evidence)
[2026-10-03 18:35:32] capture 681
  observations: 0
  no 0x036 chat packets matched to a zone (no shift evidence)
[2026-10-03 18:35:33] capture 682
  observations: 0
  no 0x036 chat packets matched to a zone (no shift evidence)
[2026-10-03 18:35:34] capture 683
  observations: 0
  no 0x036 chat packets matched to a zone (no shift evidence)
[2026-10-03 18:35:40] capture 684
  observations: 1
  Grauberg [S] (zone 89): shift +1 hits 3/3 runner-up 0 CONFIDENT
  master zone 89 7419-7419: +1 (obs 3, captures 1)
[2026-10-03 18:35:42] capture 685
  observations: 0
  no 0x036 chat packets matched to a zone (no shift evidence)
[2026-10-03 18:36:33] capture 686
  observations: 0
  no 0x036 chat packets matched to a zone (no shift evidence)
[2026-10-03 18:36:34] capture 687
  observations: 0
  no 0x036 chat packets matched to a zone (no shift evidence)
[2026-10-03 18:36:34] capture 688
  observations: 0
  no 0x036 chat packets matched to a zone (no shift evidence)
[2026-10-03 18:36:34] capture 689
  observations: 0
  no 0x036 chat packets matched to a zone (no shift evidence)
[2026-10-03 18:36:35] capture 690
  observations: 0
  no 0x036 chat packets matched to a zone (no shift evidence)
[2026-10-03 18:36:35] capture 691
  observations: 0
  no 0x036 chat packets matched to a zone (no shift evidence)
[2026-10-03 18:36:36] capture 692
  observations: 0
  no 0x036 chat packets matched to a zone (no shift evidence)
[2026-10-03 18:36:37] capture 693
  observations: 0
  no 0x036 chat packets matched to a zone (no shift evidence)
[2026-10-03 18:39:37] capture 666
  observations: 0
  no 0x036 chat packets matched to a zone (no shift evidence)
[2026-10-03 18:39:37] capture 667
  observations: 0
  no 0x036 chat packets matched to a zone (no shift evidence)
[2026-10-03 18:39:37] capture 668
  observations: 0
  no 0x036 chat packets matched to a zone (no shift evidence)
[2026-10-03 18:39:47] capture 666
  shift check FAILED: ValueError("invalid literal for int() with base 10: ''")
[2026-10-03 18:39:47] capture 667
  shift check FAILED: ValueError("invalid literal for int() with base 10: ''")
[2026-10-03 18:39:47] capture 668
  shift check FAILED: ValueError("invalid literal for int() with base 10: ''")
[2026-10-03 18:39:52] capture 666
  observations: 0
  no 0x036 chat packets matched to a zone (no shift evidence)
[2026-10-03 18:39:52] capture 667
  observations: 0
  no 0x036 chat packets matched to a zone (no shift evidence)
[2026-10-03 18:39:52] capture 668
  observations: 0
  no 0x036 chat packets matched to a zone (no shift evidence)
[2026-10-03 18:40:28] capture 666
  observations: 1
  Windurst Waters [S] (zone 94): shift +17 hits 10/20 runner-up 0 CONFIDENT
  master zone 94 12445-12445: +17 (obs 10, captures 1)
  master zone 94 12479-12486: +25 (obs 7, captures 1)
[2026-10-03 18:40:28] capture 667
  observations: 1
  Windurst Waters [S] (zone 94): shift unverified hits 2/4 runner-up 0 no confident shift
  master zone 94 12402-12445: +17 (obs 12, captures 2)
  master zone 94 12479-12486: +25 (obs 7, captures 1)
[2026-10-03 18:40:28] capture 668
  observations: 2
  Windurst Waters [S] (zone 94): shift +17 hits 24/50 runner-up 1 CONFIDENT
  master zone 94 12402-12449: +17 (obs 33, captures 3)
  master zone 94 12479-12486: +25 (obs 7, captures 1)
[2026-10-03 20:13:45] capture 196
  observations: 0
  PERIQIA (zone 56): shift unverified hits 0/175 runner-up 0 no confident shift
  Periqia (zone 56): shift unverified hits 0/14 runner-up 0 no confident shift
[2026-10-03 20:56:13] capture 120
  observations: 0
  Leujaoam Sanctum (zone 69): shift unverified hits 0/111 runner-up 0 no confident shift
  LEUJAOAM_SANCTUM (zone 69): shift unverified hits 0/12 runner-up 0 no confident shift
[2026-10-03 20:56:14] capture 120
  REVIEW: 1 exception(s) pending (blocking ones exclude this capture from shift evidence) (python -m workbench.captures.review_queue list)
    review #6 [zone] 12 0x036 packet(s) with pseudo-zone id 219 could not be resolved to a zone
  observations: 0
  no 0x036 chat packets matched to a zone (no shift evidence)
[2026-10-03 21:12:13] capture 694
  observations: 0
  no 0x036 chat packets matched to a zone (no shift evidence)
[2026-10-03 21:37:24] capture 66
  REVIEW: 1 exception(s) pending (blocking ones exclude this capture from shift evidence) (python -m workbench.captures.review_queue list)
    review #64 [duplicate_capture] capture #66 has content identical to capture #57
  observations: 0
  no 0x036 chat packets matched to a zone (no shift evidence)
[2026-10-03 21:37:24] capture 68
  REVIEW: 1 exception(s) pending (blocking ones exclude this capture from shift evidence) (python -m workbench.captures.review_queue list)
    review #65 [duplicate_capture] capture #68 has content identical to capture #61
  observations: 0
  no 0x036 chat packets matched to a zone (no shift evidence)
[2026-10-03 21:37:24] capture 69
  REVIEW: 1 exception(s) pending (blocking ones exclude this capture from shift evidence) (python -m workbench.captures.review_queue list)
    review #66 [duplicate_capture] capture #69 has content identical to capture #59
  observations: 0
  no 0x036 chat packets matched to a zone (no shift evidence)
[2026-10-03 21:37:24] capture 70
  REVIEW: 1 exception(s) pending (blocking ones exclude this capture from shift evidence) (python -m workbench.captures.review_queue list)
    review #67 [duplicate_capture] capture #70 has content identical to capture #60
  observations: 0
  no 0x036 chat packets matched to a zone (no shift evidence)
[2026-10-03 21:37:24] capture 71
  REVIEW: 1 exception(s) pending (blocking ones exclude this capture from shift evidence) (python -m workbench.captures.review_queue list)
    review #68 [duplicate_capture] capture #71 has content identical to capture #65
  observations: 0
  no 0x036 chat packets matched to a zone (no shift evidence)
[2026-10-03 21:37:24] capture 73
  REVIEW: 1 exception(s) pending (blocking ones exclude this capture from shift evidence) (python -m workbench.captures.review_queue list)
    review #69 [duplicate_capture] capture #73 has content identical to capture #64
  observations: 0
  no 0x036 chat packets matched to a zone (no shift evidence)
[2026-10-03 21:37:24] capture 75
  REVIEW: 1 exception(s) pending (blocking ones exclude this capture from shift evidence) (python -m workbench.captures.review_queue list)
    review #70 [duplicate_capture] capture #75 has content identical to capture #58
  observations: 0
  no 0x036 chat packets matched to a zone (no shift evidence)
[2026-10-03 21:37:24] capture 76
  REVIEW: 2 exception(s) pending (blocking ones exclude this capture from shift evidence) (python -m workbench.captures.review_queue list)
    review #71 [duplicate_capture] capture #76 has content identical to capture #62
    review #5 [zone] 33 0x036 packet(s) with pseudo-zone id 93 could not be resolved to a zone
  observations: 0
  no 0x036 chat packets matched to a zone (no shift evidence)
[2026-10-03 21:37:24] capture 77
  REVIEW: 1 exception(s) pending (blocking ones exclude this capture from shift evidence) (python -m workbench.captures.review_queue list)
    review #72 [duplicate_capture] capture #77 has content identical to capture #57
  observations: 0
  no 0x036 chat packets matched to a zone (no shift evidence)
[2026-10-03 21:37:24] capture 78
  REVIEW: 1 exception(s) pending (blocking ones exclude this capture from shift evidence) (python -m workbench.captures.review_queue list)
    review #73 [duplicate_capture] capture #78 has content identical to capture #63
  observations: 0
  no 0x036 chat packets matched to a zone (no shift evidence)
[2026-10-03 21:37:24] capture 87
  REVIEW: 1 exception(s) pending (blocking ones exclude this capture from shift evidence) (python -m workbench.captures.review_queue list)
    review #74 [duplicate_capture] capture #87 has content identical to capture #86
  observations: 0
  no 0x036 chat packets matched to a zone (no shift evidence)
[2026-10-03 21:37:24] capture 88
  REVIEW: 1 exception(s) pending (blocking ones exclude this capture from shift evidence) (python -m workbench.captures.review_queue list)
    review #75 [duplicate_capture] capture #88 has content identical to capture #85
  observations: 0
  no 0x036 chat packets matched to a zone (no shift evidence)
[2026-10-03 21:37:24] capture 102
  REVIEW: 1 exception(s) pending (blocking ones exclude this capture from shift evidence) (python -m workbench.captures.review_queue list)
    review #76 [duplicate_capture] capture #102 has content identical to capture #100
  observations: 0
  no 0x036 chat packets matched to a zone (no shift evidence)
[2026-10-03 21:37:24] capture 109
  REVIEW: 1 exception(s) pending (blocking ones exclude this capture from shift evidence) (python -m workbench.captures.review_queue list)
    review #77 [duplicate_capture] capture #109 has content identical to capture #108
  observations: 0
  no 0x036 chat packets matched to a zone (no shift evidence)
[2026-10-03 21:37:24] capture 110
  REVIEW: 1 exception(s) pending (blocking ones exclude this capture from shift evidence) (python -m workbench.captures.review_queue list)
    review #78 [duplicate_capture] capture #110 has content identical to capture #100
  observations: 0
  no 0x036 chat packets matched to a zone (no shift evidence)
[2026-10-03 21:37:24] capture 112
  REVIEW: 1 exception(s) pending (blocking ones exclude this capture from shift evidence) (python -m workbench.captures.review_queue list)
    review #79 [duplicate_capture] capture #112 has content identical to capture #107
  observations: 0
  no 0x036 chat packets matched to a zone (no shift evidence)
[2026-10-03 21:37:24] capture 114
  REVIEW: 1 exception(s) pending (blocking ones exclude this capture from shift evidence) (python -m workbench.captures.review_queue list)
    review #80 [duplicate_capture] capture #114 has content identical to capture #104
  observations: 0
  no 0x036 chat packets matched to a zone (no shift evidence)
[2026-10-03 21:37:24] capture 115
  REVIEW: 1 exception(s) pending (blocking ones exclude this capture from shift evidence) (python -m workbench.captures.review_queue list)
    review #81 [duplicate_capture] capture #115 has content identical to capture #106
  observations: 0
  no 0x036 chat packets matched to a zone (no shift evidence)
[2026-10-03 21:37:24] capture 117
  REVIEW: 1 exception(s) pending (blocking ones exclude this capture from shift evidence) (python -m workbench.captures.review_queue list)
    review #82 [duplicate_capture] capture #117 has content identical to capture #105
  observations: 0
  no 0x036 chat packets matched to a zone (no shift evidence)
[2026-10-03 21:37:24] capture 121
  REVIEW: 1 exception(s) pending (blocking ones exclude this capture from shift evidence) (python -m workbench.captures.review_queue list)
    review #83 [duplicate_capture] capture #121 has content identical to capture #103
  observations: 0
  no 0x036 chat packets matched to a zone (no shift evidence)
[2026-10-03 21:37:24] capture 152
  REVIEW: 1 exception(s) pending (blocking ones exclude this capture from shift evidence) (python -m workbench.captures.review_queue list)
    review #84 [duplicate_capture] capture #152 has content identical to capture #131
  observations: 0
  no 0x036 chat packets matched to a zone (no shift evidence)
[2026-10-03 21:37:24] capture 154
  REVIEW: 1 exception(s) pending (blocking ones exclude this capture from shift evidence) (python -m workbench.captures.review_queue list)
    review #85 [duplicate_capture] capture #154 has content identical to capture #131
  observations: 0
  no 0x036 chat packets matched to a zone (no shift evidence)
[2026-10-03 21:37:24] capture 157
  REVIEW: 1 exception(s) pending (blocking ones exclude this capture from shift evidence) (python -m workbench.captures.review_queue list)
    review #86 [duplicate_capture] capture #157 has content identical to capture #149
  observations: 0
  no 0x036 chat packets matched to a zone (no shift evidence)
[2026-10-03 21:37:24] capture 158
  REVIEW: 1 exception(s) pending (blocking ones exclude this capture from shift evidence) (python -m workbench.captures.review_queue list)
    review #87 [duplicate_capture] capture #158 has content identical to capture #153
  observations: 0
  no 0x036 chat packets matched to a zone (no shift evidence)
[2026-10-03 21:37:24] capture 159
  REVIEW: 1 exception(s) pending (blocking ones exclude this capture from shift evidence) (python -m workbench.captures.review_queue list)
    review #88 [duplicate_capture] capture #159 has content identical to capture #147
  observations: 0
  no 0x036 chat packets matched to a zone (no shift evidence)
[2026-10-03 21:37:24] capture 160
  REVIEW: 1 exception(s) pending (blocking ones exclude this capture from shift evidence) (python -m workbench.captures.review_queue list)
    review #89 [duplicate_capture] capture #160 has content identical to capture #150
  observations: 0
  no 0x036 chat packets matched to a zone (no shift evidence)
[2026-10-03 21:37:24] capture 170
  REVIEW: 1 exception(s) pending (blocking ones exclude this capture from shift evidence) (python -m workbench.captures.review_queue list)
    review #90 [duplicate_capture] capture #170 has content identical to capture #146
  observations: 0
  no 0x036 chat packets matched to a zone (no shift evidence)
[2026-10-03 21:37:24] capture 171
  REVIEW: 1 exception(s) pending (blocking ones exclude this capture from shift evidence) (python -m workbench.captures.review_queue list)
    review #91 [duplicate_capture] capture #171 has content identical to capture #151
  observations: 0
  no 0x036 chat packets matched to a zone (no shift evidence)
[2026-10-03 21:37:24] capture 175
  REVIEW: 1 exception(s) pending (blocking ones exclude this capture from shift evidence) (python -m workbench.captures.review_queue list)
    review #92 [duplicate_capture] capture #175 has content identical to capture #168
  observations: 0
  no 0x036 chat packets matched to a zone (no shift evidence)
[2026-10-03 21:37:24] capture 188
  REVIEW: 1 exception(s) pending (blocking ones exclude this capture from shift evidence) (python -m workbench.captures.review_queue list)
    review #93 [duplicate_capture] capture #188 has content identical to capture #234
  observations: 0
  no 0x036 chat packets matched to a zone (no shift evidence)
[2026-10-03 21:37:24] capture 200
  REVIEW: 1 exception(s) pending (blocking ones exclude this capture from shift evidence) (python -m workbench.captures.review_queue list)
    review #94 [duplicate_capture] capture #200 has content identical to capture #192
  observations: 0
  no 0x036 chat packets matched to a zone (no shift evidence)
[2026-10-03 21:37:24] capture 206
  REVIEW: 1 exception(s) pending (blocking ones exclude this capture from shift evidence) (python -m workbench.captures.review_queue list)
    review #95 [duplicate_capture] capture #206 has content identical to capture #195
  observations: 0
  no 0x036 chat packets matched to a zone (no shift evidence)
[2026-10-03 21:37:24] capture 208
  REVIEW: 2 exception(s) pending (blocking ones exclude this capture from shift evidence) (python -m workbench.captures.review_queue list)
    review #96 [duplicate_capture] capture #208 has content identical to capture #197
    review #21 [zone] 1 0x036 packet(s) with pseudo-zone id 93 could not be resolved to a zone
  observations: 0
  no 0x036 chat packets matched to a zone (no shift evidence)
[2026-10-03 21:37:24] capture 209
  REVIEW: 1 exception(s) pending (blocking ones exclude this capture from shift evidence) (python -m workbench.captures.review_queue list)
    review #97 [duplicate_capture] capture #209 has content identical to capture #203
  observations: 0
  no 0x036 chat packets matched to a zone (no shift evidence)
[2026-10-03 21:37:24] capture 210
  REVIEW: 1 exception(s) pending (blocking ones exclude this capture from shift evidence) (python -m workbench.captures.review_queue list)
    review #98 [duplicate_capture] capture #210 has content identical to capture #201
  observations: 0
  no 0x036 chat packets matched to a zone (no shift evidence)
[2026-10-03 21:37:24] capture 211
  REVIEW: 1 exception(s) pending (blocking ones exclude this capture from shift evidence) (python -m workbench.captures.review_queue list)
    review #99 [duplicate_capture] capture #211 has content identical to capture #198
  observations: 0
  no 0x036 chat packets matched to a zone (no shift evidence)
[2026-10-03 21:37:24] capture 213
  REVIEW: 1 exception(s) pending (blocking ones exclude this capture from shift evidence) (python -m workbench.captures.review_queue list)
    review #100 [duplicate_capture] capture #213 has content identical to capture #192
  observations: 0
  no 0x036 chat packets matched to a zone (no shift evidence)
[2026-10-03 21:37:25] capture 214
  REVIEW: 1 exception(s) pending (blocking ones exclude this capture from shift evidence) (python -m workbench.captures.review_queue list)
    review #101 [duplicate_capture] capture #214 has content identical to capture #202
  observations: 0
  no 0x036 chat packets matched to a zone (no shift evidence)
[2026-10-03 21:37:25] capture 216
  REVIEW: 1 exception(s) pending (blocking ones exclude this capture from shift evidence) (python -m workbench.captures.review_queue list)
    review #102 [duplicate_capture] capture #216 has content identical to capture #204
  observations: 0
  no 0x036 chat packets matched to a zone (no shift evidence)
[2026-10-03 21:37:25] capture 217
  REVIEW: 2 exception(s) pending (blocking ones exclude this capture from shift evidence) (python -m workbench.captures.review_queue list)
    review #103 [duplicate_capture] capture #217 has content identical to capture #196
    review #22 [zone] 175 0x036 packet(s) with pseudo-zone id 93 could not be resolved to a zone
  observations: 0
  no 0x036 chat packets matched to a zone (no shift evidence)
[2026-10-03 21:37:25] capture 218
  REVIEW: 1 exception(s) pending (blocking ones exclude this capture from shift evidence) (python -m workbench.captures.review_queue list)
    review #104 [duplicate_capture] capture #218 has content identical to capture #199
  observations: 0
  no 0x036 chat packets matched to a zone (no shift evidence)
[2026-10-03 21:37:25] capture 229
  REVIEW: 1 exception(s) pending (blocking ones exclude this capture from shift evidence) (python -m workbench.captures.review_queue list)
    review #105 [duplicate_capture] capture #229 has content identical to capture #8
  observations: 0
  no 0x036 chat packets matched to a zone (no shift evidence)
[2026-10-06 18:30:36] capture 695
  observations: 1
  Lufaise Meadows (zone 24): shift unverified hits 2/4 runner-up 1 no confident shift
[2026-10-06 18:30:37] capture 696
  observations: 1
  Meriphataud Mountains [S] (zone 97): shift unverified hits 2/4 runner-up 1 no confident shift
[2026-10-06 18:30:38] capture 697
  observations: 1
  Jugner Forest (zone 104): shift unverified hits 2/4 runner-up 1 no confident shift
[2026-10-06 18:30:39] capture 698
  observations: 1
  Dangruf Wadi (zone 191): shift unverified hits 2/4 runner-up 1 no confident shift
[2026-10-06 18:30:39] capture 699
  observations: 0
  no 0x036 chat packets matched to a zone (no shift evidence)
[2026-10-06 18:30:40] capture 700
  observations: 1
  East Ronfaure [S] (zone 81): shift unverified hits 2/4 runner-up 1 no confident shift
  master zone 81 7105-7263: +19 (obs 190, captures 13)
[2026-10-06 18:30:41] capture 701
  observations: 1
  King Ranperre's Tomb (zone 190): shift unverified hits 2/4 runner-up 1 no confident shift
[2026-10-06 18:30:41] capture 702
  REVIEW: 1 exception(s) pending (blocking ones exclude this capture from shift evidence) (python -m workbench.captures.review_queue list)
    review #106 [zone] 2 0x036 packet(s) with pseudo-zone id 133 could not be resolved to a zone
  observations: 0
  no 0x036 chat packets matched to a zone (no shift evidence)
[2026-10-06 18:30:42] capture 703
  observations: 1
  Ordelle's Caves (zone 193): shift unverified hits 2/4 runner-up 1 no confident shift
[2026-10-06 18:30:43] capture 704
  observations: 1
  Gusgen Mines (zone 196): shift unverified hits 2/4 runner-up 1 no confident shift
[2026-10-06 18:30:44] capture 705
  observations: 1
  Meriphataud Mountains (zone 119): shift unverified hits 2/4 runner-up 1 no confident shift
[2026-10-06 18:30:44] capture 706
  observations: 1
  Pashhow Marshlands [S] (zone 90): shift unverified hits 2/4 runner-up 1 no confident shift
[2026-10-06 18:30:45] capture 707
  observations: 1
  Pashhow Marshlands (zone 109): shift unverified hits 2/4 runner-up 1 no confident shift
[2026-10-06 18:30:45] capture 708
  observations: 0
  no 0x036 chat packets matched to a zone (no shift evidence)
[2026-10-06 18:30:47] capture 709
  observations: 1
  North Gustaberg (zone 106): shift unverified hits 2/2 runner-up 1 no confident shift
[2026-10-06 18:30:47] capture 710
  observations: 0
  no 0x036 chat packets matched to a zone (no shift evidence)
[2026-10-06 18:30:48] capture 711
  observations: 1
  Maze of Shakhrami (zone 198): shift unverified hits 2/4 runner-up 1 no confident shift
[2026-10-06 18:30:48] capture 712
  observations: 1
  West Sarutabaruta [S] (zone 95): shift unverified hits 2/4 runner-up 1 no confident shift
  master zone 95 7666-7667: +11 (obs 10, captures 3)
[2026-10-06 18:30:48] capture 713
  observations: 0
  no 0x036 chat packets matched to a zone (no shift evidence)
[2026-10-06 18:30:49] capture 714
  observations: 0
  no 0x036 chat packets matched to a zone (no shift evidence)
[2026-10-06 18:30:49] capture 715
  observations: 0
  no 0x036 chat packets matched to a zone (no shift evidence)
[2026-10-06 18:30:49] capture 716
  observations: 0
  no 0x036 chat packets matched to a zone (no shift evidence)
[2026-10-06 18:30:49] capture 717
  observations: 0
  no 0x036 chat packets matched to a zone (no shift evidence)
[2026-10-06 18:30:49] capture 718
  observations: 0
  no 0x036 chat packets matched to a zone (no shift evidence)
[2026-10-06 18:30:49] capture 719
  observations: 0
  no 0x036 chat packets matched to a zone (no shift evidence)
[2026-10-06 18:30:49] capture 720
  observations: 0
  no 0x036 chat packets matched to a zone (no shift evidence)
[2026-10-06 18:30:50] capture 721
  observations: 0
  no 0x036 chat packets matched to a zone (no shift evidence)
[2026-10-06 18:30:50] capture 722
  observations: 1
  East Ronfaure (zone 101): shift unverified hits 2/4 runner-up 1 no confident shift
[2026-10-06 18:30:53] capture 723
  observations: 0
  Misareaux Coast (zone 25): shift unverified hits 1/2 runner-up 1 no confident shift
  MISAREAUX_COAST (zone 25): shift unverified hits 1/4 runner-up 1 no confident shift
[2026-10-06 18:30:54] capture 724
  observations: 1
  North Gustaberg [S] (zone 88): shift unverified hits 2/4 runner-up 1 no confident shift
[2026-10-06 18:30:54] capture 725
  observations: 1
  West Sarutabaruta (zone 115): shift unverified hits 2/4 runner-up 1 no confident shift
[2026-10-06 18:30:55] capture 726
  observations: 1
  Outer Horutoto Ruins (zone 194): shift unverified hits 2/4 runner-up 1 no confident shift
[2026-10-06 18:30:56] capture 727
  observations: 0
  no 0x036 chat packets matched to a zone (no shift evidence)
[2026-10-06 18:30:57] capture 728
  observations: 1
  Pashhow Marshlands [S] (zone 90): shift unverified hits 1/1 runner-up 0 no confident shift
[2026-10-06 18:37:54] capture 729
  observations: 0
  Ru'Aun Gardens (zone 130): shift unverified hits 0/43 runner-up 0 no confident shift
  RUAUN_GARDENS (zone 130): shift unverified hits 0/5 runner-up 0 no confident shift
  Windurst Woods (zone 241): shift unverified hits 0/3 runner-up 0 no confident shift
[2026-10-06 18:38:21] capture 730
  observations: 0
  Windurst Woods (zone 241): shift unverified hits 0/2 runner-up 0 no confident shift
  XARCABARD (zone 112): shift unverified hits 0/2 runner-up 0 no confident shift
  Windurst Waters (zone 238): shift unverified hits 0/2 runner-up 0 no confident shift
  King Ranperre's Tomb (zone 190): shift unverified hits 0/98 runner-up 0 no confident shift
[2026-10-06 18:38:28] capture 731
  observations: 0
  Norg (zone 252): shift unverified hits 0/2 runner-up 0 no confident shift
  West Sarutabaruta [S] (zone 95): shift unverified hits 0/37 runner-up 0 no confident shift
[2026-10-06 18:38:30] capture 732
  observations: 0
  Tahrongi Canyon (zone 117): shift unverified hits 0/4 runner-up 0 no confident shift
[2026-10-06 18:38:36] capture 733
  observations: 0
  Windurst Woods (zone 241): shift unverified hits 0/1 runner-up 0 no confident shift
  East Sarutabaruta (zone 116): shift unverified hits 0/38 runner-up 0 no confident shift
[2026-10-06 18:48:22] capture 734
  observations: 1
  Lufaise Meadows (zone 24): shift +15 hits 4/8 runner-up 2 CONFIDENT
[2026-10-06 18:48:26] capture 735
  REVIEW: 1 exception(s) pending (blocking ones exclude this capture from shift evidence) (python -m workbench.captures.review_queue list)
    review #116 [zone] 4 0x036 packet(s) with pseudo-zone id 127 could not be resolved to a zone
  observations: 0
  no 0x036 chat packets matched to a zone (no shift evidence)
[2026-10-06 18:48:27] capture 736
  observations: 1
  South Gustaberg (zone 107): shift unverified hits 2/4 runner-up 1 no confident shift
[2026-10-06 18:48:28] capture 737
  observations: 0
  Buburimu Peninsula (zone 118): shift unverified hits 1/2 runner-up 1 no confident shift
[2026-10-06 18:48:29] capture 738
  observations: 1
  Attohwa Chasm (zone 7): shift unverified hits 2/4 runner-up 1 no confident shift
[2026-10-06 18:48:30] capture 739
  observations: 1
  Konschtat Highlands (zone 108): shift unverified hits 2/4 runner-up 1 no confident shift
[2026-10-06 18:48:31] capture 740
  observations: 1
  Valkurm Dunes (zone 103): shift unverified hits 2/4 runner-up 1 no confident shift
[2026-10-06 18:48:37] capture 741
  REVIEW: 1 exception(s) pending (blocking ones exclude this capture from shift evidence) (python -m workbench.captures.review_queue list)
    review #117 [zone] 2 0x036 packet(s) with pseudo-zone id 127 could not be resolved to a zone
  observations: 0
  no 0x036 chat packets matched to a zone (no shift evidence)
[2026-10-06 18:48:41] capture 742
  observations: 2
  Qufim Island (zone 126): shift +15 hits 6/12 runner-up 3 CONFIDENT
  master zone 126 11619-11628: +15 (obs 3, captures 1)
[2026-10-06 18:48:42] capture 743
  observations: 1
  West Ronfaure (zone 100): shift unverified hits 2/4 runner-up 1 no confident shift
  WEST_RONFAURE (zone 100): shift unverified hits 3/10 runner-up 2 no confident shift
[2026-10-06 18:48:47] capture 744
  REVIEW: 1 exception(s) pending (blocking ones exclude this capture from shift evidence) (python -m workbench.captures.review_queue list)
    review #118 [zone] 18 0x036 packet(s) with pseudo-zone id 127 could not be resolved to a zone
  observations: 0
  no 0x036 chat packets matched to a zone (no shift evidence)
[2026-10-06 18:48:59] capture 745
  REVIEW: 1 exception(s) pending (blocking ones exclude this capture from shift evidence) (python -m workbench.captures.review_queue list)
    review #119 [zone] 34 0x036 packet(s) with pseudo-zone id 127 could not be resolved to a zone
  observations: 0
  no 0x036 chat packets matched to a zone (no shift evidence)
[2026-10-06 18:48:59] capture 746
  observations: 1
  East Sarutabaruta (zone 116): shift unverified hits 2/4 runner-up 1 no confident shift
[2026-10-06 18:49:01] capture 747
  observations: 1
  Tahrongi Canyon (zone 117): shift unverified hits 2/4 runner-up 1 no confident shift
[2026-10-06 18:49:02] capture 748
  observations: 1
  La Theine Plateau (zone 102): shift unverified hits 2/4 runner-up 1 no confident shift
[2026-10-06 18:49:03] capture 749
  observations: 1
  Misareaux Coast (zone 25): shift unverified hits 2/4 runner-up 1 no confident shift
[2026-10-06 18:49:04] capture 750
  REVIEW: 1 exception(s) pending (blocking ones exclude this capture from shift evidence) (python -m workbench.captures.review_queue list)
    review #120 [zone] 2 0x036 packet(s) with pseudo-zone id 127 could not be resolved to a zone
  observations: 0
  no 0x036 chat packets matched to a zone (no shift evidence)
[2026-10-06 18:49:09] capture 751
  REVIEW: 1 exception(s) pending (blocking ones exclude this capture from shift evidence) (python -m workbench.captures.review_queue list)
    review #121 [zone] 4 0x036 packet(s) with pseudo-zone id 127 could not be resolved to a zone
  observations: 0
  no 0x036 chat packets matched to a zone (no shift evidence)
[2026-10-06 18:49:11] capture 752
  observations: 1
  Ifrit's Cauldron (zone 205): shift +19 hits 4/8 runner-up 2 CONFIDENT
[2026-10-07 16:08:58] capture 753
  observations: 0
  Windurst Woods (zone 241): shift unverified hits 0/2 runner-up 0 no confident shift
  Windurst Waters (zone 238): shift unverified hits 0/8 runner-up 0 no confident shift
  Windurst Walls (zone 239): shift unverified hits 0/474 runner-up 0 no confident shift
[2026-10-07 16:09:04] capture 754
  observations: 0
  Bastok Mines (zone 234): shift unverified hits 0/6 runner-up 0 no confident shift
  Bastok Markets (zone 235): shift unverified hits 0/298 runner-up 0 no confident shift
[2026-10-07 16:09:12] capture 755
  observations: 0
  Southern San d'Oria (zone 230): shift unverified hits 0/4 runner-up 0 no confident shift
  Northern San d'Oria (zone 231): shift unverified hits 0/614 runner-up 0 no confident shift
[2026-10-07 16:09:18] capture 756
  observations: 0
  Northern San d'Oria (zone 231): shift unverified hits 0/64 runner-up 0 no confident shift
  West Ronfaure (zone 100): shift unverified hits 0/2 runner-up 0 no confident shift
[2026-10-07 16:09:21] capture 757
  observations: 0
  Rabao (zone 247): shift unverified hits 0/141 runner-up 0 no confident shift
  Windurst Waters (zone 238): shift unverified hits 0/30 runner-up 0 no confident shift
[2026-10-09 22:50:31] capture 1
  observations: 0
  no 0x036 chat packets matched to a zone (no shift evidence)
[2026-10-09 22:50:51] capture 1
  observations: 0
  no 0x036 chat packets matched to a zone (no shift evidence)
